
> nextjs-contentful-portfolio@1.0.0 build
> next build

  ▲ Next.js 14.2.30
  - Environments: .env

   Creating an optimized production build ...
Failed to compile.

./src/app/projects/page.tsx
Module not found: Can't resolve '@/lib/api'

https://nextjs.org/docs/messages/module-not-found

./src/components/carousel.tsx
Module not found: Can't resolve '@/lib/api'

https://nextjs.org/docs/messages/module-not-found

Import trace for requested module:
./src/app/page.tsx

./src/components/recentprojects.tsx
Module not found: Can't resolve '@/lib/api'

https://nextjs.org/docs/messages/module-not-found

Import trace for requested module:
./src/app/page.tsx

./src/hooks/usePages.ts
Module not found: Can't resolve '@/lib/api'

https://nextjs.org/docs/messages/module-not-found

Import trace for requested module:
./src/components/header.tsx
./src/components/layout.tsx


> Build failed because of webpack errors
